// Jest Snapshot v1, https://goo.gl/fbAQLP

exports[`matches snapshot 1`] = `
<DocumentFragment>
  <form>
    <label
      for="msg"
    >
      Task
    </label>
    <input
      id="msg"
      name="msg"
      placeholder="write a new task"
      type="text"
      value="write a new task"
    />
    <button>
      +
    </button>
  </form>
</DocumentFragment>
`;
