// Jest Snapshot v1, https://goo.gl/fbAQLP

exports[`matches snapshot 1`] = `
<DocumentFragment>
  <div
    class="Todo"
    id="1"
  >
    <h4
      style="color: orange; text-decoration: none;"
    >
      TodoTestMsg
    </h4>
    <button>
      X
    </button>
  </div>
</DocumentFragment>
`;
